Circuit: * Z:\home\danieltyukov\workspace\tud\tud-analog-circuit-design-fundamentals\bioelectronics_assignment\current_conveyor_tia.asc

Ignoring BSIM parameter XL
Ignoring BSIM parameter XW
Ignoring BSIM parameter ACM
Ignoring BSIM parameter LDIF
Ignoring BSIM parameter HDIF
Ignoring BSIM parameter TLEV
Ignoring BSIM parameter TLEVC
Ignoring BSIM parameter CALCACM
Ignoring BSIM parameter SFVTFLAGl
Ignoring BSIM parameter XL
Ignoring BSIM parameter XW
Ignoring BSIM parameter ACM
Ignoring BSIM parameter LDIF
Ignoring BSIM parameter HDIF
Ignoring BSIM parameter TLEV
Ignoring BSIM parameter TLEVC
Ignoring BSIM parameter CALCACM
Ignoring BSIM parameter SFVTFLAGl
Ignoring BSIM parameter XL
Ignoring BSIM parameter XW
Ignoring BSIM parameter ACM
Ignoring BSIM parameter LDIF
Ignoring BSIM parameter HDIF
Ignoring BSIM parameter TLEV
Ignoring BSIM parameter TLEVC
Ignoring BSIM parameter CALCACM
Ignoring BSIM parameter SFVTFLAGl
Ignoring BSIM parameter XL
Ignoring BSIM parameter XW
Ignoring BSIM parameter ACM
Ignoring BSIM parameter LDIF
Ignoring BSIM parameter HDIF
Ignoring BSIM parameter TLEV
Ignoring BSIM parameter TLEVC
Ignoring BSIM parameter CALCACM
Ignoring BSIM parameter SFVTFLAGl
Ignoring BSIM parameter XL
Ignoring BSIM parameter XW
Ignoring BSIM parameter ACM
Ignoring BSIM parameter LDIF
Ignoring BSIM parameter HDIF
Ignoring BSIM parameter TLEV
Ignoring BSIM parameter TLEVC
Ignoring BSIM parameter CALCACM
Ignoring BSIM parameter SFVTFLAGl
Fatal Error: Voltage source VREF and voltage source VM12_BIAS are paralleled making an over-defined circuit matrix.
You will need to correct the circuit or add some series resistance.
