Circuit: * Z:\home\danieltyukov\workspace\tud\tud-analog-circuit-design-fundamentals\practicals\week5\Ex11.asc

Ignoring BSIM parameter XL
Ignoring BSIM parameter XW
Ignoring BSIM parameter ACM
Ignoring BSIM parameter LDIF
Ignoring BSIM parameter HDIF
Ignoring BSIM parameter TLEV
Ignoring BSIM parameter TLEVC
Ignoring BSIM parameter CALCACM
Ignoring BSIM parameter SFVTFLAGl
Warning: Pd = 0 is less than W.
Warning: Ps = 0 is less than W.
Direct Newton iteration for .op point succeeded.
Semiconductor Device Operating Points:
                        --- BSIM3 MOSFETS ---
Name:        m1
Model:      nch.5
Id:        4.20e-05
Vgs:       6.00e-01
Vds:       4.16e-01
Vbs:       0.00e+00
Vth:       4.82e-01
Vdsat:     1.62e-01
Gm:        4.85e-04
Gds:       3.27e-06
Gmb        1.39e-04
Cbd:       0.00e+00
Cbs:       0.00e+00
Cgsov:     3.66e-15
Cgdov:     3.66e-15
Cgbov:     1.81e-16
dQgdVgb:   6.25e-14
dQgdVdb:  -3.72e-15
dQgdVsb:  -5.23e-14
dQddVgb:  -3.94e-15
dQddVdb:   3.79e-15
dQddVsb:   2.43e-16
dQbdVgb:  -6.49e-15
dQbdVdb:  -1.68e-17
dQbdVsb:  -1.38e-14



Date: Mon Jan 26 13:57:38 2026
Total elapsed time: 0.057 seconds.

tnom = 27
temp = 27
method = trap
totiter = 8
traniter = 0
tranpoints = 0
accept = 0
rejected = 0
matrix size = 5
fillins = 0
solver = Normal
Matrix Compiler1:       5 opcodes
Matrix Compiler2: 253 bytes object code size
