Circuit: * Z:\home\danieltyukov\workspace\tud\tud-analog-circuit-design-fundamentals\practicals\week5\Ex2.asc

Ignoring BSIM parameter XL
Ignoring BSIM parameter XW
Ignoring BSIM parameter ACM
Ignoring BSIM parameter LDIF
Ignoring BSIM parameter HDIF
Ignoring BSIM parameter TLEV
Ignoring BSIM parameter TLEVC
Ignoring BSIM parameter CALCACM
Ignoring BSIM parameter SFVTFLAGl
Ignoring BSIM parameter XL
Ignoring BSIM parameter XW
Ignoring BSIM parameter ACM
Ignoring BSIM parameter LDIF
Ignoring BSIM parameter HDIF
Ignoring BSIM parameter TLEV
Ignoring BSIM parameter TLEVC
Ignoring BSIM parameter CALCACM
Ignoring BSIM parameter SFVTFLAGl
Warning: Pd = 0 is less than W.
Warning: Ps = 0 is less than W.
Warning: Pd = 0 is less than W.
Warning: Ps = 0 is less than W.
Direct Newton iteration failed to find .op point.  (Use ".option noopiter" to skip.)
Starting Gmin stepping
Gmin = 10
Gmin = 1.07374
Gmin = 0.115292
Gmin = 0.0123794
Gmin = 0.00132923
Gmin = 0.000142725
Gmin = 1.5325e-005
Gmin = 1.6455e-006
Gmin = 1.76685e-007
Gmin = 1.89714e-008
Gmin = 2.03704e-009
Gmin = 2.18725e-010
Gmin = 2.34854e-011
Gmin = 2.52173e-012
Gmin = 2.70769e-013
Gmin = 0
Gmin stepping succeeded in finding the operating point.

Semiconductor Device Operating Points:
                        --- BSIM3 MOSFETS ---
Name:        m3          m2          m4          m1
Model:      nch.9       nch.9       nch.8       nch.8
Id:        3.82e-06    3.82e-05    3.82e-06    3.82e-05
Vgs:       6.57e-01    6.62e-01    6.00e-01    6.00e-01
Vds:       6.57e-01    4.41e-01    6.00e-01    5.95e-01
Vbs:      -6.00e-01   -5.95e-01    0.00e+00    0.00e+00
Vth:       6.74e-01    6.74e-01    4.81e-01    4.81e-01
Vdsat:     6.73e-02    6.88e-02    1.62e-01    1.62e-01
Gm:        6.86e-05    6.84e-04    4.42e-05    4.42e-04
Gds:       1.92e-06    2.23e-05    2.08e-07    2.10e-06
Gmb        1.43e-05    1.44e-04    1.27e-05    1.27e-04
Cbd:       0.00e+00    0.00e+00    0.00e+00    0.00e+00
Cbs:       0.00e+00    0.00e+00    0.00e+00    0.00e+00
Cgsov:     3.59e-16    3.59e-15    3.59e-16    3.59e-15
Cgdov:     3.59e-16    3.59e-15    3.59e-16    3.59e-15
Cgbov:     3.18e-17    3.18e-16    1.81e-16    1.81e-15
dQgdVgb:   1.34e-15    1.36e-14    6.33e-15    6.33e-14
dQgdVdb:  -3.57e-16   -3.57e-15   -3.60e-16   -3.60e-15
dQgdVsb:  -6.87e-16   -7.18e-15   -5.16e-15   -5.16e-14
dQddVgb:  -3.60e-16   -3.60e-15   -3.71e-16   -3.71e-15
dQddVdb:   3.59e-16    3.59e-15    3.63e-16    3.63e-15
dQddVsb:   4.61e-19    1.04e-17    1.13e-17    1.15e-16
dQbdVgb:  -3.04e-16   -3.00e-15   -8.25e-16   -8.25e-15
dQbdVdb:   3.41e-19    3.34e-18   -3.62e-19   -3.80e-18
dQbdVsb:  -5.66e-17   -6.19e-16   -1.37e-15   -1.37e-14



Date: Mon Jan 26 14:10:38 2026
Total elapsed time: 0.057 seconds.

tnom = 27
temp = 27
method = trap
totiter = 374
traniter = 0
tranpoints = 0
accept = 0
rejected = 0
matrix size = 9
fillins = 0
solver = Normal
Matrix Compiler1:      22 opcodes
Matrix Compiler2: 633 bytes object code size  0.1/0.1/[0.1]

