Circuit: * Z:\home\danieltyukov\workspace\tud\tud-analog-circuit-design-fundamentals\assignments\hw2\Draft3.asc

Ignoring BSIM parameter XL
Ignoring BSIM parameter XW
Ignoring BSIM parameter ACM
Ignoring BSIM parameter LDIF
Ignoring BSIM parameter HDIF
Ignoring BSIM parameter TLEV
Ignoring BSIM parameter TLEVC
Ignoring BSIM parameter CALCACM
Ignoring BSIM parameter SFVTFLAGl
Warning: Pd = 0 is less than W.
Warning: Ps = 0 is less than W.
Warning: Pd = 0 is less than W.
Warning: Ps = 0 is less than W.
V4: Missing value, assumed 0V @ DC

Date: Mon Jan 26 08:01:12 2026
Total elapsed time: 0.073 seconds.

tnom = 27
temp = 27
method = trap
totiter = 668
traniter = 0
tranpoints = 0
accept = 0
rejected = 0
matrix size = 9
fillins = 0
solver = Normal
Matrix Compiler1: 260 bytes object code size  0.1/0.1/[0.1]
Matrix Compiler2: off
