Circuit: * Z:\home\danieltyukov\workspace\tud\tud-analog-circuit-design-fundamentals\assignments\hw2\E3b.asc

WARNING: Node N006 is floating.
WARNING: Node N003 is floating.

Instance "m2": Length shorter than recommended for a level 1 MOSFET.
Instance "m1": Length shorter than recommended for a level 1 MOSFET.
Direct Newton iteration for .op point succeeded.

Date: Sun Jan 25 21:12:47 2026
Total elapsed time: 0.048 seconds.

tnom = 27
temp = 27
method = trap
totiter = 48
traniter = 0
tranpoints = 0
accept = 0
rejected = 0
matrix size = 10
fillins = 0
solver = Normal
Matrix Compiler1:      26 opcodes
Matrix Compiler2:      63 opcodes
