Circuit: * C:\Users\danie\Desktop\tud-analog-circuit-design-fundamentals\hw2\E3c.asc

WARNING: Node N006 is floating.
WARNING: Node N003 is floating.

Instance "m2": Length shorter than recommended for a level 1 MOSFET.
Instance "m1": Length shorter than recommended for a level 1 MOSFET.
Direct Newton iteration failed to find .op point.  (Use ".option noopiter" to skip.)
Starting Gmin stepping
Gmin = 10
Gmin = 1.07374
Gmin = 0.115292
Gmin = 0.0123794
Gmin = 0.00132923
Gmin = 0.000142725
Gmin = 1.5325e-005
Gmin = 1.6455e-006
Gmin = 1.76685e-007
Gmin = 1.89714e-008
Gmin = 2.03704e-009
Gmin = 2.18725e-010
Gmin = 2.34854e-011
Gmin = 2.52173e-012
Gmin = 2.70769e-013
Gmin = 0
Gmin stepping succeeded in finding the operating point.


Date: Fri Sep 26 22:31:58 2025
Total elapsed time: 0.044 seconds.

tnom = 27
temp = 27
method = trap
totiter = 373
traniter = 0
tranpoints = 0
accept = 0
rejected = 0
matrix size = 10
fillins = 0
solver = Normal
Matrix Compiler1:      26 opcodes
Matrix Compiler2: off  [0.1]/0.1/0.1

