Circuit: * C:\Users\danie\Desktop\tud-analog-circuit-design-fundamentals\hw2\E3h.asc

WARNING: Node N007 is floating.
WARNING: Node N004 is floating.

Instance "m2": Length shorter than recommended for a level 1 MOSFET.
Instance "m1": Length shorter than recommended for a level 1 MOSFET.

Date: Fri Sep 26 23:42:05 2025
Total elapsed time: 0.096 seconds.

tnom = 27
temp = 27
method = trap
totiter = 6605
traniter = 0
tranpoints = 0
accept = 0
rejected = 0
matrix size = 11
fillins = 0
solver = Normal
Matrix Compiler1:      25 opcodes  0.1/[0.0]/0.0
Matrix Compiler2: 775 bytes object code size  0.0/0.1/[0.0]

