Circuit: * Z:\home\danieltyukov\workspace\tud\tud-analog-circuit-design-fundamentals\practicals\week1\Week1_Ex2A.asc

Ignoring BSIM parameter XL
Ignoring BSIM parameter XW
Ignoring BSIM parameter ACM
Ignoring BSIM parameter LDIF
Ignoring BSIM parameter HDIF
Ignoring BSIM parameter TLEV
Ignoring BSIM parameter TLEVC
Ignoring BSIM parameter CALCACM
Ignoring BSIM parameter SFVTFLAGl
Warning: Pd = 0 is less than W.
Warning: Ps = 0 is less than W.

Date: Mon Jan 26 10:42:37 2026
Total elapsed time: 0.084 seconds.

tnom = 27
temp = 27
method = trap
totiter = 3604
traniter = 0
tranpoints = 0
accept = 0
rejected = 0
matrix size = 6
fillins = 0
solver = Normal
Matrix Compiler1: 146 bytes object code size  0.1/0.1/[0.1]
Matrix Compiler2: 380 bytes object code size  0.1/0.1/[0.1]

