Circuit: * Z:\home\danieltyukov\workspace\tud\tud-analog-circuit-design-fundamentals\practicals\week1\Week1_Ex1C.asc

Ignoring BSIM parameter XL
Ignoring BSIM parameter XW
Ignoring BSIM parameter ACM
Ignoring BSIM parameter LDIF
Ignoring BSIM parameter HDIF
Ignoring BSIM parameter TLEV
Ignoring BSIM parameter TLEVC
Ignoring BSIM parameter CALCACM
Ignoring BSIM parameter SFVTFLAGl
Warning: Pd = 0 is less than W.
Warning: Ps = 0 is less than W.
.step factor=0.1
.step factor=0.5
.step factor=1

Date: Mon Jan 26 10:42:08 2026
Total elapsed time: 0.115 seconds.

tnom = 27
temp = 27
method = trap
totiter = 3604
traniter = 0
tranpoints = 0
accept = 0
rejected = 0
matrix size = 4
fillins = 0
solver = Normal
Matrix Compiler1:       7 opcodes  0.1/[0.1]/0.1
Matrix Compiler2: 216 bytes object code size  0.1/0.1/[0.1]

