Circuit: * Z:\home\danieltyukov\workspace\tud\tud-analog-circuit-design-fundamentals\practicals\week2\Exc2.asc

Ignoring BSIM parameter XL
Ignoring BSIM parameter XW
Ignoring BSIM parameter ACM
Ignoring BSIM parameter LDIF
Ignoring BSIM parameter HDIF
Ignoring BSIM parameter TLEV
Ignoring BSIM parameter TLEVC
Ignoring BSIM parameter CALCACM
Ignoring BSIM parameter SFVTFLAGl
Ignoring BSIM parameter XL
Ignoring BSIM parameter XW
Ignoring BSIM parameter ACM
Ignoring BSIM parameter LDIF
Ignoring BSIM parameter HDIF
Ignoring BSIM parameter TLEV
Ignoring BSIM parameter TLEVC
Ignoring BSIM parameter CALCACM
Ignoring BSIM parameter SFVTFLAGl
Warning: Pd = 0 is less than W.
Warning: Ps = 0 is less than W.
Warning: Pd = 0 is less than W.
Warning: Ps = 0 is less than W.
Direct Newton iteration for .op point succeeded.
Semiconductor Device Operating Points:
                        --- BSIM3 MOSFETS ---
Name:       mpc1        mpc2         m1
Model:      pch.8       pch.8       nch.9
Id:        1.00e-05    9.90e-06    9.90e-06
Vgs:       0.00e+00   -2.88e-01    5.02e-01
Vds:       1.10e+00    8.15e-01    7.87e-01
Vbs:       1.10e+00    8.15e-01   -1.98e-01
Vth:      -4.49e-01   -4.49e-01    5.80e-01
Vdsat:    -5.32e-01   -5.32e-01    5.17e-02
Gm:        2.69e-05    2.65e-05    2.06e-04
Gds:       2.74e-07    4.79e-07    4.63e-06
Gmb        9.38e-06    9.26e-06    5.33e-05
Cbd:       0.00e+00    0.00e+00    0.00e+00
Cbs:       0.00e+00    0.00e+00    0.00e+00
Cgsov:     3.18e-16    3.18e-16    2.87e-15
Cgdov:     3.18e-16    3.18e-16    2.87e-15
Cgbov:     2.73e-16    2.73e-16    2.55e-16
dQgdVgb:   7.31e-15    7.32e-15    9.41e-15
dQgdVdb:  -3.21e-16   -3.31e-16   -2.87e-15
dQgdVsb:  -6.55e-15   -6.55e-15   -3.52e-15
dQddVgb:  -3.29e-16   -3.51e-16   -2.87e-15
dQddVdb:   3.27e-16    3.52e-16    2.87e-15
dQddVsb:   5.57e-18    1.03e-17    6.71e-19
dQbdVgb:  -1.30e-15   -1.29e-15   -3.04e-15
dQbdVdb:  -1.98e-18   -8.15e-18    4.81e-19
dQbdVsb:  -8.61e-16   -8.62e-16   -1.51e-16



Date: Mon Jan 26 12:38:07 2026
Total elapsed time: 0.066 seconds.

tnom = 27
temp = 27
method = trap
totiter = 13
traniter = 0
tranpoints = 0
accept = 0
rejected = 0
matrix size = 7
fillins = 0
solver = Normal
Matrix Compiler1:      15 opcodes
Matrix Compiler2: 515 bytes object code size
