Circuit: * C:\Users\danie\Desktop\Daniel_Tyukov_HW4\q2b.asc

Ignoring BSIM parameter XL
Ignoring BSIM parameter XW
Ignoring BSIM parameter ACM
Ignoring BSIM parameter LDIF
Ignoring BSIM parameter HDIF
Ignoring BSIM parameter TLEV
Ignoring BSIM parameter TLEVC
Ignoring BSIM parameter CALCACM
Ignoring BSIM parameter SFVTFLAGl
Ignoring BSIM parameter XL
Ignoring BSIM parameter XW
Ignoring BSIM parameter ACM
Ignoring BSIM parameter LDIF
Ignoring BSIM parameter HDIF
Ignoring BSIM parameter TLEV
Ignoring BSIM parameter TLEVC
Ignoring BSIM parameter CALCACM
Ignoring BSIM parameter SFVTFLAGl
Ignoring BSIM parameter XL
Ignoring BSIM parameter XW
Ignoring BSIM parameter ACM
Ignoring BSIM parameter LDIF
Ignoring BSIM parameter HDIF
Ignoring BSIM parameter TLEV
Ignoring BSIM parameter TLEVC
Ignoring BSIM parameter CALCACM
Ignoring BSIM parameter SFVTFLAGl
Ignoring BSIM parameter XL
Ignoring BSIM parameter XW
Ignoring BSIM parameter ACM
Ignoring BSIM parameter LDIF
Ignoring BSIM parameter HDIF
Ignoring BSIM parameter TLEV
Ignoring BSIM parameter TLEVC
Ignoring BSIM parameter CALCACM
Ignoring BSIM parameter SFVTFLAGl
Warning: Pd = 0 is less than W.
Warning: Ps = 0 is less than W.
Warning: Pd = 0 is less than W.
Warning: Ps = 0 is less than W.
Warning: Pd = 0 is less than W.
Warning: Ps = 0 is less than W.
Warning: Pd = 0 is less than W.
Warning: Ps = 0 is less than W.
Direct Newton iteration for .op point succeeded.
Semiconductor Device Operating Points:
                        --- BSIM3 MOSFETS ---
Name:        m3          m4          m1          m2          m5
Model:      nch.6       nch.6       pch.2       pch.2       pch.3
Id:        1.96e-05    1.96e-05    1.96e-05    1.96e-05    3.92e-05
Vgs:       5.40e-01    5.40e-01    5.99e-02    5.99e-02   -1.32e-01
Vds:       5.40e-01    5.40e-01    7.98e-01    7.98e-01    4.62e-01
Vbs:       0.00e+00    0.00e+00    1.26e+00    1.26e+00    4.62e-01
Vth:       5.12e-01    5.12e-01   -5.92e-01   -5.92e-01   -4.94e-01
Vdsat:     7.93e-02    7.93e-02   -1.62e-01   -1.62e-01   -1.25e-01
Gm:        3.10e-04    3.10e-04    2.08e-04    2.08e-04    4.96e-04
Gds:       6.84e-06    6.84e-06    9.10e-07    9.10e-07    1.19e-05
Gmb        8.96e-05    8.96e-05    5.75e-05    5.75e-05    1.66e-04
Cbd:       0.00e+00    0.00e+00    0.00e+00    0.00e+00    0.00e+00
Cbs:       0.00e+00    0.00e+00    0.00e+00    0.00e+00    0.00e+00
Cgsov:     1.09e-15    1.09e-15    7.86e-15    7.86e-15    3.93e-15
Cgdov:     1.09e-15    1.09e-15    7.86e-15    7.86e-15    3.93e-15
Cgbov:     3.55e-17    3.55e-17    2.73e-16    2.73e-16    5.37e-17
dQgdVgb:   5.08e-15    5.08e-15    1.59e-13    1.59e-13    2.23e-14
dQgdVdb:  -1.09e-15   -1.09e-15   -7.86e-15   -7.86e-15   -3.90e-15
dQgdVsb:  -3.20e-15   -3.20e-15   -1.44e-13   -1.44e-13   -1.70e-14
dQddVgb:  -1.10e-15   -1.10e-15   -8.02e-15   -8.02e-15   -3.97e-15
dQddVdb:   1.09e-15    1.09e-15    7.91e-15    7.91e-15    3.94e-15
dQddVsb:   4.61e-18    4.61e-18    1.52e-16    1.52e-16    3.84e-17
dQbdVgb:  -9.05e-16   -9.05e-16   -2.20e-14   -2.20e-14   -3.15e-15
dQbdVdb:   5.30e-19    5.30e-19   -7.49e-18   -7.49e-18   -1.57e-19
dQbdVsb:  -4.74e-16   -4.74e-16   -1.74e-14   -1.74e-14   -2.04e-15

Name:        m6
Model:      pch.6
Id:        2.00e-05
Vgs:       0.00e+00
Vds:       5.94e-01
Vbs:       5.94e-01
Vth:      -4.93e-01
Vdsat:    -1.24e-01
Gm:        2.53e-04
Gds:       4.98e-06
Gmb        8.48e-05
Cbd:       0.00e+00
Cbs:       0.00e+00
Cgsov:     1.96e-15
Cgdov:     1.96e-15
Cgbov:     5.37e-17
dQgdVgb:   1.12e-14
dQgdVdb:  -1.94e-15
dQgdVsb:  -8.53e-15
dQddVgb:  -1.97e-15
dQddVdb:   1.96e-15
dQddVsb:   1.20e-17
dQbdVgb:  -1.61e-15
dQbdVdb:   1.23e-18
dQbdVsb:  -1.01e-15



Date: Sun Oct 12 23:13:11 2025
Total elapsed time: 0.051 seconds.

tnom = 27
temp = 27
method = trap
totiter = 12
traniter = 0
tranpoints = 0
accept = 0
rejected = 0
matrix size = 15
fillins = 0
solver = Normal
Matrix Compiler1:      38 opcodes
Matrix Compiler2: 1.24 KB object code size
