Circuit: * Z:\home\danieltyukov\workspace\tud\tud-analog-circuit-design-fundamentals\assignments\hw5\q4d.asc

Ignoring BSIM parameter XL
Ignoring BSIM parameter XW
Ignoring BSIM parameter ACM
Ignoring BSIM parameter LDIF
Ignoring BSIM parameter HDIF
Ignoring BSIM parameter TLEV
Ignoring BSIM parameter TLEVC
Ignoring BSIM parameter CALCACM
Ignoring BSIM parameter SFVTFLAGl
Ignoring BSIM parameter XL
Ignoring BSIM parameter XW
Ignoring BSIM parameter ACM
Ignoring BSIM parameter LDIF
Ignoring BSIM parameter HDIF
Ignoring BSIM parameter TLEV
Ignoring BSIM parameter TLEVC
Ignoring BSIM parameter CALCACM
Ignoring BSIM parameter SFVTFLAGl
Ignoring BSIM parameter XL
Ignoring BSIM parameter XW
Ignoring BSIM parameter ACM
Ignoring BSIM parameter LDIF
Ignoring BSIM parameter HDIF
Ignoring BSIM parameter TLEV
Ignoring BSIM parameter TLEVC
Ignoring BSIM parameter CALCACM
Ignoring BSIM parameter SFVTFLAGl
Error on line 12 : vac1 vdm 0 ac1
	 Unknown parameter "ac1"
Warning: Pd = 0 is less than W.
Warning: Ps = 0 is less than W.
Warning: Pd = 0 is less than W.
Warning: Ps = 0 is less than W.
Warning: Pd = 0 is less than W.
Warning: Ps = 0 is less than W.
Vac1: Missing value, assumed 0V @ DC
Direct Newton iteration for .op point succeeded.
Semiconductor Device Operating Points:
                        --- BSIM3 MOSFETS ---
Name:        mn3         mn4         mn2         mn1         mp2
Model:      nch.6       nch.6       nch.1       nch.1       pch.4
Id:        1.00e-04    8.94e-05    4.47e-05    4.47e-05    4.47e-05
Vgs:       6.11e-01    6.11e-01    5.90e-01    5.90e-01    0.00e+00
Vds:       6.11e-01    3.10e-01    2.66e-01    2.66e-01    1.22e+00
Vbs:       0.00e+00    0.00e+00   -3.10e-01   -3.10e-01    1.22e+00
Vth:       5.12e-01    5.13e-01    5.39e-01    5.39e-01   -4.42e-01
Vdsat:     1.08e-01    1.08e-01    1.16e-01    1.16e-01   -6.40e-01
Gm:        1.12e-03    1.02e-03    7.01e-04    7.01e-04    9.97e-05
Gds:       2.93e-05    4.69e-05    3.48e-06    3.48e-06    4.16e-07
Gmb        3.20e-04    2.94e-04    1.78e-04    1.78e-04    3.53e-05
Cbd:       0.00e+00    0.00e+00    0.00e+00    0.00e+00    0.00e+00
Cbs:       0.00e+00    0.00e+00    0.00e+00    0.00e+00    0.00e+00
Cgsov:     1.83e-15    1.83e-15    3.11e-14    3.11e-14    2.78e-15
Cgdov:     1.83e-15    1.83e-15    3.11e-14    3.11e-14    2.78e-15
Cgbov:     3.18e-17    3.18e-17    5.46e-16    5.46e-16    8.20e-16
dQgdVgb:   9.09e-15    9.09e-15    1.23e-12    1.23e-12    1.71e-13
dQgdVdb:  -1.82e-15   -1.82e-15   -3.35e-14   -3.35e-14   -2.88e-15
dQgdVsb:  -6.38e-15   -6.39e-15   -1.01e-12   -1.01e-12   -1.64e-13
dQddVgb:  -1.83e-15   -1.86e-15   -4.25e-14   -4.25e-14   -3.09e-15
dQddVdb:   1.83e-15    1.84e-15    3.56e-14    3.56e-14    3.05e-15
dQddVsb:   8.17e-18    2.77e-17    9.87e-15    9.87e-15    1.55e-16
dQbdVgb:  -1.21e-15   -1.20e-15   -1.44e-13   -1.44e-13   -2.33e-14
dQbdVdb:   1.00e-18   -4.49e-18   -3.72e-16   -3.72e-16   -5.05e-17
dQbdVsb:  -9.12e-16   -9.19e-16   -3.04e-13   -3.04e-13   -2.53e-14

Name:        mp1
Model:      pch.4
Id:        4.47e-05
Vgs:       0.00e+00
Vds:       1.22e+00
Vbs:       1.22e+00
Vth:      -4.42e-01
Vdsat:    -6.40e-01
Gm:        9.97e-05
Gds:       4.16e-07
Gmb        3.53e-05
Cbd:       0.00e+00
Cbs:       0.00e+00
Cgsov:     2.78e-15
Cgdov:     2.78e-15
Cgbov:     8.20e-16
dQgdVgb:   1.71e-13
dQgdVdb:  -2.88e-15
dQgdVsb:  -1.64e-13
dQddVgb:  -3.09e-15
dQddVdb:   3.05e-15
dQddVsb:   1.55e-16
dQbdVgb:  -2.33e-14
dQbdVdb:  -5.05e-17
dQbdVsb:  -2.53e-14



Date: Mon Jan 26 10:04:03 2026
Total elapsed time: 0.075 seconds.

tnom = 27
temp = 27
method = trap
totiter = 28
traniter = 0
tranpoints = 0
accept = 0
rejected = 0
matrix size = 16
fillins = 0
solver = Normal
Matrix Compiler1:      31 opcodes
Matrix Compiler2: 1.10 KB object code size
