Circuit: * Z:\home\danieltyukov\workspace\tud\tud-analog-circuit-design-fundamentals\practicals\week6\Week6_Ex1.asc

Ignoring BSIM parameter XL
Ignoring BSIM parameter XW
Ignoring BSIM parameter ACM
Ignoring BSIM parameter LDIF
Ignoring BSIM parameter HDIF
Ignoring BSIM parameter TLEV
Ignoring BSIM parameter TLEVC
Ignoring BSIM parameter CALCACM
Ignoring BSIM parameter SFVTFLAGl
Warning: Pd = 0 is less than W.
Warning: Ps = 0 is less than W.
Direct Newton iteration for .op point succeeded.

Date: Mon Jan 26 14:55:49 2026
Total elapsed time: 0.066 seconds.

tnom = 27
temp = 27
method = trap
totiter = 31
traniter = 0
tranpoints = 0
accept = 0
rejected = 0
matrix size = 8
fillins = 0
solver = Normal
Matrix Compiler1:      14 opcodes
Matrix Compiler2: 540 bytes object code size
