Circuit: * Z:\home\danieltyukov\workspace\tud\tud-analog-circuit-design-fundamentals\practicals\week6\Week6_Ex2.asc

Ignoring BSIM parameter XL
Ignoring BSIM parameter XW
Ignoring BSIM parameter ACM
Ignoring BSIM parameter LDIF
Ignoring BSIM parameter HDIF
Ignoring BSIM parameter TLEV
Ignoring BSIM parameter TLEVC
Ignoring BSIM parameter CALCACM
Ignoring BSIM parameter SFVTFLAGl
Ignoring BSIM parameter XL
Ignoring BSIM parameter XW
Ignoring BSIM parameter ACM
Ignoring BSIM parameter LDIF
Ignoring BSIM parameter HDIF
Ignoring BSIM parameter TLEV
Ignoring BSIM parameter TLEVC
Ignoring BSIM parameter CALCACM
Ignoring BSIM parameter SFVTFLAGl
Warning: Pd = 0 is less than W.
Warning: Ps = 0 is less than W.
Warning: Pd = 0 is less than W.
Warning: Ps = 0 is less than W.
Direct Newton iteration failed to find .op point.  (Use ".option noopiter" to skip.)
Starting Gmin stepping
Gmin = 10
Gmin = 1.07374
Gmin = 0.115292
Gmin = 0.0123794
Gmin = 0.00132923
Gmin = 0.000142725
Gmin = 1.5325e-005
Gmin = 1.6455e-006
Gmin = 1.76685e-007
Gmin = 1.89714e-008
Gmin = 2.03704e-009
Gmin = 2.18725e-010
Gmin = 2.34854e-011
vernier = 0.5
vernier = 0.25
vernier = 0.125
vernier = 0.0625
Gmin = 1.16574e-011
vernier = 0.0833333
vernier = 0.111111
Gmin = 9.56694e-012
vernier = 0.148148
Gmin = 6.95514e-012
vernier = 0.197531
vernier = 0.263374
Gmin = 4.1479e-012
vernier = 0.351165
vernier = 0.46822
Gmin = 1.85097e-012
vernier = 0.624294
Gmin = 5.15346e-013
vernier = 0.832392
vernier = 1
Gmin = 0
Gmin stepping succeeded in finding the operating point.

Semiconductor Device Operating Points:
                        --- BSIM3 MOSFETS ---
Name:        m16         m14         m8          m9          m7
Model:      pch.2       pch.2       pch.2       pch.2       pch.2
Id:        9.85e-06    9.85e-06    8.00e-05    9.85e-06    9.85e-06
Vgs:      -1.05e-01   -1.05e-01    0.00e+00   -3.62e-01   -3.62e-01
Vds:       5.06e-01    5.06e-01    8.02e-01    1.91e-01    1.91e-01
Vbs:       6.98e-01    6.98e-01    8.02e-01    1.91e-01    1.91e-01
Vth:      -5.16e-01   -5.16e-01   -4.57e-01   -4.57e-01   -4.57e-01
Vdsat:    -1.23e-01   -1.23e-01   -3.07e-01   -1.22e-01   -1.22e-01
Gm:        1.32e-04    1.32e-04    4.09e-04    1.30e-04    1.30e-04
Gds:       6.10e-07    6.10e-07    2.99e-06    3.17e-06    3.17e-06
Gmb        3.99e-05    3.99e-05    1.37e-04    4.24e-05    4.24e-05
Cbd:       0.00e+00    0.00e+00    0.00e+00    0.00e+00    0.00e+00
Cbs:       0.00e+00    0.00e+00    0.00e+00    0.00e+00    0.00e+00
Cgsov:     7.21e-15    7.21e-15    7.21e-15    7.21e-15    7.21e-15
Cgdov:     7.21e-15    7.21e-15    7.21e-15    7.21e-15    7.21e-15
Cgbov:     2.73e-16    2.73e-16    2.73e-16    2.73e-16    2.73e-16
dQgdVgb:   1.40e-13    1.40e-13    1.55e-13    1.42e-13    1.42e-13
dQgdVdb:  -7.23e-15   -7.23e-15   -7.26e-15   -8.11e-15   -8.11e-15
dQgdVsb:  -1.23e-13   -1.23e-13   -1.42e-13   -1.23e-13   -1.23e-13
dQddVgb:  -7.52e-15   -7.52e-15   -7.47e-15   -1.02e-14   -1.02e-14
dQddVdb:   7.31e-15    7.31e-15    7.38e-15    9.39e-15    9.39e-15
dQddVsb:   3.09e-16    3.09e-16    1.89e-16    1.84e-15    1.84e-15
dQbdVgb:  -2.10e-14   -2.10e-14   -2.25e-14   -2.13e-14   -2.13e-14
dQbdVdb:  -2.10e-17   -2.10e-17   -3.75e-17   -5.27e-16   -5.27e-16
dQbdVsb:  -1.95e-14   -1.95e-14   -2.07e-14   -2.31e-14   -2.31e-14

Name:        m5          m2          m10         m4          m3
Model:      nch.5       nch.5       nch.5       nch.5       nch.5
Id:        9.85e-06    9.85e-06    1.97e-05    1.00e-05    9.85e-06
Vgs:       6.21e-01    6.21e-01    5.00e-01    5.00e-01    5.85e-01
Vds:       6.24e-01    6.24e-01    3.15e-01    5.00e-01    1.64e-01
Vbs:      -4.79e-01   -4.79e-01    0.00e+00    0.00e+00   -3.15e-01
Vth:       6.04e-01    6.04e-01    4.82e-01    4.82e-01    5.65e-01
Vdsat:     9.60e-02    9.60e-02    9.48e-02    9.48e-02    9.69e-02
Gm:        1.71e-04    1.71e-04    3.39e-04    1.72e-04    1.68e-04
Gds:       6.41e-07    6.41e-07    2.06e-06    7.13e-07    4.15e-06
Gmb        3.99e-05    3.99e-05    9.74e-05    4.94e-05    4.18e-05
Cbd:       0.00e+00    0.00e+00    0.00e+00    0.00e+00    0.00e+00
Cbs:       0.00e+00    0.00e+00    0.00e+00    0.00e+00    0.00e+00
Cgsov:     3.66e-15    3.66e-15    7.32e-15    3.66e-15    3.66e-15
Cgdov:     3.66e-15    3.66e-15    7.32e-15    3.66e-15    3.66e-15
Cgbov:     1.81e-16    1.81e-16    3.63e-16    1.81e-16    1.81e-16
dQgdVgb:   4.55e-14    4.55e-14    9.36e-14    4.68e-14    4.69e-14
dQgdVdb:  -3.66e-15   -3.66e-15   -7.36e-15   -3.66e-15   -3.83e-15
dQgdVsb:  -3.28e-14   -3.28e-14   -6.41e-14   -3.20e-14   -3.38e-14
dQddVgb:  -3.70e-15   -3.70e-15   -7.68e-15   -3.73e-15   -4.37e-15
dQddVdb:   3.66e-15    3.66e-15    7.42e-15    3.67e-15    3.99e-15
dQddVsb:   5.09e-17    5.09e-17    3.74e-16    8.05e-17    5.60e-16
dQbdVgb:  -8.65e-15   -8.65e-15   -2.02e-14   -1.01e-14   -8.79e-15
dQbdVdb:   5.99e-19    5.99e-19   -1.19e-17   -3.12e-19   -4.65e-17
dQbdVsb:  -7.25e-15   -7.25e-15   -1.89e-14   -9.44e-15   -8.12e-15

Name:        m15
Model:      nch.5
Id:        9.85e-06
Vgs:       5.85e-01
Vds:       1.64e-01
Vbs:      -3.15e-01
Vth:       5.65e-01
Vdsat:     9.69e-02
Gm:        1.68e-04
Gds:       4.15e-06
Gmb        4.18e-05
Cbd:       0.00e+00
Cbs:       0.00e+00
Cgsov:     3.66e-15
Cgdov:     3.66e-15
Cgbov:     1.81e-16
dQgdVgb:   4.69e-14
dQgdVdb:  -3.83e-15
dQgdVsb:  -3.38e-14
dQddVgb:  -4.37e-15
dQddVdb:   3.99e-15
dQddVsb:   5.60e-16
dQbdVgb:  -8.79e-15
dQbdVdb:  -4.65e-17
dQbdVsb:  -8.12e-15



Date: Mon Jan 26 15:06:09 2026
Total elapsed time: 0.071 seconds.

tnom = 27
temp = 27
method = trap
totiter = 1004
traniter = 0
tranpoints = 0
accept = 0
rejected = 0
matrix size = 26
fillins = 9
solver = Normal
Matrix Compiler1:     104 opcodes
Matrix Compiler2: off  [0.1]/0.2/0.3

