Circuit: * C:\Users\danie\Desktop\tud-analog-circuit-design-fundamentals\hw1\5b.asc

Ignoring BSIM parameter XL
Ignoring BSIM parameter XW
Ignoring BSIM parameter ACM
Ignoring BSIM parameter LDIF
Ignoring BSIM parameter HDIF
Ignoring BSIM parameter TLEV
Ignoring BSIM parameter TLEVC
Ignoring BSIM parameter CALCACM
Ignoring BSIM parameter SFVTFLAGl
Ignoring BSIM parameter XL
Ignoring BSIM parameter XW
Ignoring BSIM parameter ACM
Ignoring BSIM parameter LDIF
Ignoring BSIM parameter HDIF
Ignoring BSIM parameter TLEV
Ignoring BSIM parameter TLEVC
Ignoring BSIM parameter CALCACM
Ignoring BSIM parameter SFVTFLAGl
Warning: Pd = 0 is less than W.
Warning: Ps = 0 is less than W.
Warning: Pd = 0 is less than W.
Warning: Ps = 0 is less than W.

Date: Mon Sep 15 23:38:04 2025
Total elapsed time: 0.091 seconds.

tnom = 27
temp = 27
method = trap
totiter = 2405
traniter = 0
tranpoints = 0
accept = 0
rejected = 0
matrix size = 6
fillins = 0
solver = Normal
Matrix Compiler1: 236 bytes object code size  0.0/0.0/[0.0]
Matrix Compiler2: off  [0.0]/0.0/0.0

