Circuit: * C:\Users\danie\Desktop\tud-analog-circuit-design-fundamentals\hw1\5c.asc

Ignoring BSIM parameter XL
Ignoring BSIM parameter XW
Ignoring BSIM parameter ACM
Ignoring BSIM parameter LDIF
Ignoring BSIM parameter HDIF
Ignoring BSIM parameter TLEV
Ignoring BSIM parameter TLEVC
Ignoring BSIM parameter CALCACM
Ignoring BSIM parameter SFVTFLAGl
Ignoring BSIM parameter XL
Ignoring BSIM parameter XW
Ignoring BSIM parameter ACM
Ignoring BSIM parameter LDIF
Ignoring BSIM parameter HDIF
Ignoring BSIM parameter TLEV
Ignoring BSIM parameter TLEVC
Ignoring BSIM parameter CALCACM
Ignoring BSIM parameter SFVTFLAGl
Error on line 2 : mn n001 n002 0 n001 nch nch l=0.18u w=2u
	 Unknown parameter "nch"
Warning: Pd = 0 is less than W.
Warning: Ps = 0 is less than W.
Warning: Pd = 0 is less than W.
Warning: Ps = 0 is less than W.
Vg: Missing value, assumed 0V @ DC

Date: Mon Sep 15 23:44:59 2025
Total elapsed time: 0.083 seconds.

tnom = 27
temp = 27
method = trap
totiter = 247
traniter = 0
tranpoints = 0
accept = 0
rejected = 0
matrix size = 4
fillins = 0
solver = Normal
Matrix Compiler1: off  [0.0]/0.0/0.0
Matrix Compiler2: 216 bytes object code size  0.0/0.0/[0.0]

