Circuit: * Z:\home\danieltyukov\workspace\tud\tud-analog-circuit-design-fundamentals\practicals\week3\Week 3 Exc2.asc

Ignoring BSIM parameter XL
Ignoring BSIM parameter XW
Ignoring BSIM parameter ACM
Ignoring BSIM parameter LDIF
Ignoring BSIM parameter HDIF
Ignoring BSIM parameter TLEV
Ignoring BSIM parameter TLEVC
Ignoring BSIM parameter CALCACM
Ignoring BSIM parameter SFVTFLAGl
Warning: Pd = 0 is less than W.
Warning: Ps = 0 is less than W.
Direct Newton iteration for .op point succeeded.
Semiconductor Device Operating Points:
                        --- BSIM3 MOSFETS ---
Name:        m1
Model:     nch.12
Id:        1.00e-05
Vgs:       7.21e-01
Vds:       1.22e+00
Vbs:      -4.79e-01
Vth:       6.19e-01
Vdsat:     1.23e-01
Gm:        1.02e-04
Gds:       2.59e-06
Gmb        2.04e-05
Cbd:       0.00e+00
Cbs:       0.00e+00
Cgsov:     1.25e-16
Cgdov:     1.25e-16
Cgbov:     3.18e-17
dQgdVgb:   6.41e-16
dQgdVdb:  -1.23e-16
dQgdVsb:  -4.25e-16
dQddVgb:  -1.25e-16
dQddVdb:   1.25e-16
dQddVsb:   1.39e-19
dQbdVgb:  -9.94e-17
dQbdVdb:   2.72e-19
dQbdVsb:  -5.20e-17



Date: Mon Jan 26 12:46:49 2026
Total elapsed time: 0.061 seconds.

tnom = 27
temp = 27
method = trap
totiter = 11
traniter = 0
tranpoints = 0
accept = 0
rejected = 0
matrix size = 6
fillins = 0
solver = Normal
Matrix Compiler1:      10 opcodes
Matrix Compiler2: 414 bytes object code size
